--------------------------------------------------------------------------------
Release 14.7 Trace  (lin64)
Copyright (c) 1995-2013 Xilinx, Inc.  All rights reserved.

/opt/Xilinx/14.7/ISE_DS/ISE/bin/lin64/unwrapped/trce -intstyle ise -v 3 -s 3 -n
3 -fastpaths -xml procesador.twx procesador.ncd -o procesador.twr
procesador.pcf -ucf procesador.ucf

Design file:              procesador.ncd
Physical constraint file: procesador.pcf
Device,package,speed:     xc7a100t,csg324,C,-3 (PRODUCTION 1.10 2013-10-13)
Report level:             verbose report

Environment Variable      Effect 
--------------------      ------ 
NONE                      No environment variables were set
--------------------------------------------------------------------------------

INFO:Timing:2698 - No timing constraints found, doing default enumeration.
INFO:Timing:3412 - To improve timing, see the Timing Closure User Guide (UG612).
INFO:Timing:2752 - To get complete path coverage, use the unconstrained paths 
   option. All paths that are not constrained will be reported in the 
   unconstrained paths section(s) of the report.
INFO:Timing:3339 - The clock-to-out numbers in this timing report are based on 
   a 50 Ohm transmission line loading model.  For the details of this model, 
   and for more information on accounting for different loading conditions, 
   please see the device datasheet.



Data Sheet report:
-----------------
All values displayed in nanoseconds (ns)

Setup/Hold to clock clk
------------+------------+------------+------------+------------+------------------+--------+
            |Max Setup to|  Process   |Max Hold to |  Process   |                  | Clock  |
Source      | clk (edge) |   Corner   | clk (edge) |   Corner   |Internal Clock(s) | Phase  |
------------+------------+------------+------------+------------+------------------+--------+
clr         |    1.913(R)|      SLOW  |    2.078(R)|      SLOW  |clk_BUFGP         |   0.000|
------------+------------+------------+------------+------------+------------------+--------+

Clock clk to Pad
------------+-----------------+------------+-----------------+------------+------------------+--------+
            |Max (slowest) clk|  Process   |Min (fastest) clk|  Process   |                  | Clock  |
Destination |  (edge) to PAD  |   Corner   |  (edge) to PAD  |   Corner   |Internal Clock(s) | Phase  |
------------+-----------------+------------+-----------------+------------+------------------+--------+
portb<0>    |         9.379(R)|      SLOW  |         3.452(R)|      FAST  |clk_BUFGP         |   0.000|
portb<1>    |         9.301(R)|      SLOW  |         3.445(R)|      FAST  |clk_BUFGP         |   0.000|
portb<2>    |         9.045(R)|      SLOW  |         3.274(R)|      FAST  |clk_BUFGP         |   0.000|
portb<3>    |         8.927(R)|      SLOW  |         3.221(R)|      FAST  |clk_BUFGP         |   0.000|
portb<4>    |         9.308(R)|      SLOW  |         3.400(R)|      FAST  |clk_BUFGP         |   0.000|
portb<5>    |         9.520(R)|      SLOW  |         3.532(R)|      FAST  |clk_BUFGP         |   0.000|
portb<6>    |         9.669(R)|      SLOW  |         3.648(R)|      FAST  |clk_BUFGP         |   0.000|
portb<7>    |         9.768(R)|      SLOW  |         3.650(R)|      FAST  |clk_BUFGP         |   0.000|
portd<0>    |         9.613(R)|      SLOW  |         3.610(R)|      FAST  |clk_BUFGP         |   0.000|
portd<1>    |         8.923(R)|      SLOW  |         3.221(R)|      FAST  |clk_BUFGP         |   0.000|
portd<2>    |         9.436(R)|      SLOW  |         3.512(R)|      FAST  |clk_BUFGP         |   0.000|
portd<3>    |         8.933(R)|      SLOW  |         3.218(R)|      FAST  |clk_BUFGP         |   0.000|
portd<4>    |         8.970(R)|      SLOW  |         3.249(R)|      FAST  |clk_BUFGP         |   0.000|
portd<5>    |         9.254(R)|      SLOW  |         3.399(R)|      FAST  |clk_BUFGP         |   0.000|
portd<6>    |        10.252(R)|      SLOW  |         4.005(R)|      FAST  |clk_BUFGP         |   0.000|
portd<7>    |         9.872(R)|      SLOW  |         3.792(R)|      FAST  |clk_BUFGP         |   0.000|
------------+-----------------+------------+-----------------+------------+------------------+--------+

Clock to Setup on destination clock clk
---------------+---------+---------+---------+---------+
               | Src:Rise| Src:Fall| Src:Rise| Src:Fall|
Source Clock   |Dest:Rise|Dest:Rise|Dest:Fall|Dest:Fall|
---------------+---------+---------+---------+---------+
clk            |    9.822|         |         |         |
---------------+---------+---------+---------+---------+


Analysis completed Tue Dec 16 15:44:44 2025 
--------------------------------------------------------------------------------

Trace Settings:
-------------------------
Trace Settings 

Peak Memory Usage: 769 MB



