--------------------------------------------------------------------------------
Release 14.7 Trace  (lin64)
Copyright (c) 1995-2013 Xilinx, Inc.  All rights reserved.

/opt/Xilinx/14.7/ISE_DS/ISE/bin/lin64/unwrapped/trce -intstyle ise -v 3 -s 3 -n
3 -fastpaths -xml ROM.twx ROM.ncd -o ROM.twr ROM.pcf

Design file:              ROM.ncd
Physical constraint file: ROM.pcf
Device,package,speed:     xc7a100t,csg324,C,-3 (PRODUCTION 1.10 2013-10-13)
Report level:             verbose report

Environment Variable      Effect 
--------------------      ------ 
NONE                      No environment variables were set
--------------------------------------------------------------------------------

INFO:Timing:2698 - No timing constraints found, doing default enumeration.
INFO:Timing:3412 - To improve timing, see the Timing Closure User Guide (UG612).
INFO:Timing:2752 - To get complete path coverage, use the unconstrained paths 
   option. All paths that are not constrained will be reported in the 
   unconstrained paths section(s) of the report.
INFO:Timing:3339 - The clock-to-out numbers in this timing report are based on 
   a 50 Ohm transmission line loading model.  For the details of this model, 
   and for more information on accounting for different loading conditions, 
   please see the device datasheet.



Data Sheet report:
-----------------
All values displayed in nanoseconds (ns)

Pad to Pad
---------------+---------------+---------+
Source Pad     |Destination Pad|  Delay  |
---------------+---------------+---------+
A<0>           |O<0>           |    5.951|
A<0>           |O<1>           |    5.573|
A<0>           |O<2>           |    5.681|
A<0>           |O<3>           |    5.773|
A<0>           |O<4>           |    5.515|
A<0>           |O<13>          |    6.287|
A<0>           |O<14>          |    6.391|
A<0>           |O<15>          |    6.404|
A<1>           |O<0>           |    5.825|
A<1>           |O<1>           |    5.474|
A<1>           |O<2>           |    5.582|
A<1>           |O<3>           |    5.674|
A<1>           |O<4>           |    5.922|
A<1>           |O<8>           |    5.855|
A<1>           |O<9>           |    6.172|
A<1>           |O<10>          |    6.049|
A<1>           |O<11>          |    5.970|
A<1>           |O<13>          |    6.161|
A<1>           |O<14>          |    6.265|
A<1>           |O<15>          |    6.278|
A<2>           |O<0>           |    6.395|
A<2>           |O<1>           |    6.332|
A<2>           |O<2>           |    6.440|
A<2>           |O<3>           |    6.532|
A<2>           |O<4>           |    6.446|
A<2>           |O<5>           |    6.734|
A<2>           |O<6>           |    6.647|
A<2>           |O<7>           |    6.911|
A<2>           |O<8>           |    6.804|
A<2>           |O<9>           |    7.121|
A<2>           |O<10>          |    6.998|
A<2>           |O<11>          |    6.919|
A<2>           |O<12>          |    6.806|
A<2>           |O<13>          |    6.731|
A<2>           |O<14>          |    6.835|
A<2>           |O<15>          |    6.848|
A<3>           |O<0>           |    6.036|
A<3>           |O<1>           |    5.973|
A<3>           |O<2>           |    6.081|
A<3>           |O<3>           |    6.173|
A<3>           |O<4>           |    6.087|
A<3>           |O<5>           |    6.375|
A<3>           |O<6>           |    6.288|
A<3>           |O<7>           |    6.552|
A<3>           |O<8>           |    6.445|
A<3>           |O<9>           |    6.762|
A<3>           |O<10>          |    6.639|
A<3>           |O<11>          |    6.560|
A<3>           |O<12>          |    6.447|
A<3>           |O<13>          |    6.372|
A<3>           |O<14>          |    6.476|
A<3>           |O<15>          |    6.489|
A<4>           |O<0>           |    6.214|
A<4>           |O<1>           |    6.151|
A<4>           |O<2>           |    6.259|
A<4>           |O<3>           |    6.351|
A<4>           |O<4>           |    6.265|
A<4>           |O<5>           |    6.553|
A<4>           |O<6>           |    6.466|
A<4>           |O<7>           |    6.730|
A<4>           |O<8>           |    6.623|
A<4>           |O<9>           |    6.940|
A<4>           |O<10>          |    6.817|
A<4>           |O<11>          |    6.738|
A<4>           |O<12>          |    6.625|
A<4>           |O<13>          |    6.550|
A<4>           |O<14>          |    6.654|
A<4>           |O<15>          |    6.667|
A<5>           |O<0>           |    5.744|
A<5>           |O<1>           |    5.681|
A<5>           |O<2>           |    5.789|
A<5>           |O<3>           |    5.881|
A<5>           |O<4>           |    5.795|
A<5>           |O<5>           |    6.083|
A<5>           |O<6>           |    5.996|
A<5>           |O<7>           |    6.260|
A<5>           |O<8>           |    6.153|
A<5>           |O<9>           |    6.470|
A<5>           |O<10>          |    6.347|
A<5>           |O<11>          |    6.268|
A<5>           |O<12>          |    6.155|
A<5>           |O<13>          |    6.080|
A<5>           |O<14>          |    6.184|
A<5>           |O<15>          |    6.197|
A<6>           |O<0>           |    6.104|
A<6>           |O<1>           |    6.112|
A<6>           |O<2>           |    6.220|
A<6>           |O<3>           |    6.312|
A<6>           |O<4>           |    6.145|
A<6>           |O<5>           |    6.358|
A<6>           |O<6>           |    6.271|
A<6>           |O<7>           |    6.535|
A<6>           |O<8>           |    6.424|
A<6>           |O<9>           |    6.741|
A<6>           |O<10>          |    6.618|
A<6>           |O<11>          |    6.539|
A<6>           |O<12>          |    6.430|
A<6>           |O<13>          |    6.440|
A<6>           |O<14>          |    6.544|
A<6>           |O<15>          |    6.557|
A<7>           |O<0>           |    6.348|
A<7>           |O<1>           |    6.356|
A<7>           |O<2>           |    6.464|
A<7>           |O<3>           |    6.556|
A<7>           |O<4>           |    6.389|
A<7>           |O<5>           |    6.602|
A<7>           |O<6>           |    6.515|
A<7>           |O<7>           |    6.779|
A<7>           |O<8>           |    6.668|
A<7>           |O<9>           |    6.985|
A<7>           |O<10>          |    6.862|
A<7>           |O<11>          |    6.783|
A<7>           |O<12>          |    6.674|
A<7>           |O<13>          |    6.684|
A<7>           |O<14>          |    6.788|
A<7>           |O<15>          |    6.801|
A<8>           |O<0>           |    6.059|
A<8>           |O<1>           |    6.067|
A<8>           |O<2>           |    6.175|
A<8>           |O<3>           |    6.267|
A<8>           |O<4>           |    6.100|
A<8>           |O<5>           |    6.313|
A<8>           |O<6>           |    6.226|
A<8>           |O<7>           |    6.490|
A<8>           |O<8>           |    6.379|
A<8>           |O<9>           |    6.696|
A<8>           |O<10>          |    6.573|
A<8>           |O<11>          |    6.494|
A<8>           |O<12>          |    6.385|
A<8>           |O<13>          |    6.395|
A<8>           |O<14>          |    6.499|
A<8>           |O<15>          |    6.512|
A<9>           |O<0>           |    5.930|
A<9>           |O<1>           |    5.938|
A<9>           |O<2>           |    6.046|
A<9>           |O<3>           |    6.138|
A<9>           |O<4>           |    5.971|
A<9>           |O<5>           |    6.184|
A<9>           |O<6>           |    6.097|
A<9>           |O<7>           |    6.361|
A<9>           |O<8>           |    6.250|
A<9>           |O<9>           |    6.567|
A<9>           |O<10>          |    6.444|
A<9>           |O<11>          |    6.365|
A<9>           |O<12>          |    6.256|
A<9>           |O<13>          |    6.266|
A<9>           |O<14>          |    6.370|
A<9>           |O<15>          |    6.383|
A<10>          |O<0>           |    6.163|
A<10>          |O<1>           |    6.171|
A<10>          |O<2>           |    6.279|
A<10>          |O<3>           |    6.371|
A<10>          |O<4>           |    6.204|
A<10>          |O<5>           |    6.417|
A<10>          |O<6>           |    6.330|
A<10>          |O<7>           |    6.594|
A<10>          |O<8>           |    6.483|
A<10>          |O<9>           |    6.800|
A<10>          |O<10>          |    6.677|
A<10>          |O<11>          |    6.598|
A<10>          |O<12>          |    6.489|
A<10>          |O<13>          |    6.499|
A<10>          |O<14>          |    6.603|
A<10>          |O<15>          |    6.616|
A<11>          |O<0>           |    5.779|
A<11>          |O<1>           |    5.787|
A<11>          |O<2>           |    5.895|
A<11>          |O<3>           |    5.987|
A<11>          |O<4>           |    5.820|
A<11>          |O<5>           |    6.033|
A<11>          |O<6>           |    5.946|
A<11>          |O<7>           |    6.210|
A<11>          |O<8>           |    6.099|
A<11>          |O<9>           |    6.416|
A<11>          |O<10>          |    6.293|
A<11>          |O<11>          |    6.214|
A<11>          |O<12>          |    6.105|
A<11>          |O<13>          |    6.115|
A<11>          |O<14>          |    6.219|
A<11>          |O<15>          |    6.232|
A<12>          |O<0>           |    5.286|
A<12>          |O<1>           |    5.473|
A<12>          |O<2>           |    5.581|
A<12>          |O<3>           |    5.673|
A<12>          |O<4>           |    5.217|
A<12>          |O<5>           |    5.760|
A<12>          |O<6>           |    5.673|
A<12>          |O<7>           |    5.937|
A<12>          |O<8>           |    5.842|
A<12>          |O<9>           |    6.159|
A<12>          |O<10>          |    6.036|
A<12>          |O<11>          |    5.957|
A<12>          |O<12>          |    5.832|
A<12>          |O<13>          |    5.622|
A<12>          |O<14>          |    5.726|
A<12>          |O<15>          |    5.739|
A<13>          |O<0>           |    5.577|
A<13>          |O<1>           |    5.392|
A<13>          |O<2>           |    5.500|
A<13>          |O<3>           |    5.592|
A<13>          |O<4>           |    5.385|
A<13>          |O<5>           |    5.427|
A<13>          |O<6>           |    5.340|
A<13>          |O<7>           |    5.604|
A<13>          |O<8>           |    5.501|
A<13>          |O<9>           |    5.818|
A<13>          |O<10>          |    5.695|
A<13>          |O<11>          |    5.616|
A<13>          |O<12>          |    5.499|
A<13>          |O<13>          |    5.913|
A<13>          |O<14>          |    6.017|
A<13>          |O<15>          |    6.030|
A<14>          |O<0>           |    5.667|
A<14>          |O<1>           |    5.604|
A<14>          |O<2>           |    5.712|
A<14>          |O<3>           |    5.804|
A<14>          |O<4>           |    5.718|
A<14>          |O<5>           |    6.006|
A<14>          |O<6>           |    5.919|
A<14>          |O<7>           |    6.183|
A<14>          |O<8>           |    6.076|
A<14>          |O<9>           |    6.393|
A<14>          |O<10>          |    6.270|
A<14>          |O<11>          |    6.191|
A<14>          |O<12>          |    6.078|
A<14>          |O<13>          |    6.003|
A<14>          |O<14>          |    6.107|
A<14>          |O<15>          |    6.120|
A<15>          |O<0>           |    5.782|
A<15>          |O<1>           |    5.719|
A<15>          |O<2>           |    5.827|
A<15>          |O<3>           |    5.919|
A<15>          |O<4>           |    5.833|
A<15>          |O<5>           |    6.121|
A<15>          |O<6>           |    6.034|
A<15>          |O<7>           |    6.298|
A<15>          |O<8>           |    6.191|
A<15>          |O<9>           |    6.508|
A<15>          |O<10>          |    6.385|
A<15>          |O<11>          |    6.306|
A<15>          |O<12>          |    6.193|
A<15>          |O<13>          |    6.118|
A<15>          |O<14>          |    6.222|
A<15>          |O<15>          |    6.235|
---------------+---------------+---------+


Analysis completed Mon Nov 10 16:54:45 2025 
--------------------------------------------------------------------------------

Trace Settings:
-------------------------
Trace Settings 

Peak Memory Usage: 765 MB



